// Jest Snapshot v1, https://goo.gl/fbAQLP

exports[`imperative-test-cli config schema should print the generated schema 1`] = `
"{
    \\"$schema\\": \\"https://json-schema.org/draft/2019-09/schema#\\",
    \\"type\\": \\"object\\",
    \\"description\\": \\"config\\",
    \\"properties\\": {
        \\"profiles\\": {
            \\"type\\": \\"object\\",
            \\"description\\": \\"named profiles config\\",
            \\"patternProperties\\": {
                \\"^\\\\\\\\S*$\\": {
                    \\"type\\": \\"object\\",
                    \\"description\\": \\"a profile\\",
                    \\"properties\\": {
                        \\"type\\": {
                            \\"description\\": \\"the profile type\\",
                            \\"type\\": \\"string\\"
                        },
                        \\"properties\\": {
                            \\"description\\": \\"the profile properties\\",
                            \\"type\\": \\"object\\"
                        },
                        \\"profiles\\": {
                            \\"description\\": \\"additional sub-profiles\\",
                            \\"type\\": \\"object\\",
                            \\"$ref\\": \\"#/properties/profiles\\"
                        }
                    },
                    \\"allOf\\": [
                        {
                            \\"if\\": {
                                \\"properties\\": {
                                    \\"type\\": {
                                        \\"const\\": \\"secured\\"
                                    }
                                }
                            },
                            \\"then\\": {
                                \\"properties\\": {
                                    \\"properties\\": {
                                        \\"type\\": \\"object\\",
                                        \\"title\\": \\"Test Secured Fields\\",
                                        \\"description\\": \\"Test Secured Fields\\",
                                        \\"properties\\": {
                                            \\"info\\": {
                                                \\"type\\": \\"string\\",
                                                \\"description\\": \\"The info the keep in the profile.\\"
                                            },
                                            \\"secret\\": {
                                                \\"type\\": \\"string\\",
                                                \\"description\\": \\"The secret info the keep in the profile.\\",
                                                \\"secure\\": true
                                            }
                                        }
                                    }
                                }
                            }
                        }
                    ]
                }
            }
        },
        \\"defaults\\": {
            \\"type\\": \\"object\\",
            \\"description\\": \\"default profiles config\\",
            \\"patternProperties\\": {
                \\"^\\\\\\\\S*$\\": {
                    \\"type\\": \\"string\\",
                    \\"description\\": \\"the type\\"
                }
            }
        },
        \\"secure\\": {
            \\"type\\": \\"array\\",
            \\"description\\": \\"secure properties\\",
            \\"items\\": {
                \\"type\\": \\"string\\",
                \\"description\\": \\"path to a property\\"
            }
        }
    }
}
"
`;
